[kwasu.edu.ng/index.html]
[backblue.gif]
[fade.gif]
[index.html]
[kwasu.edu.ng/feed/index.html]
[kwasu.edu.ng/comments/feed/index.html]
[kwasu.edu.ng/wp-includes/js/jquery/jquery.min.js]
[kwasu.edu.ng/wp-json/wp/v2/pages/2136.json]
[kwasu.edu.ng/wp-json/index.html]
[kwasu.edu.ng/wp-content/uploads/fbrfg/apple-touch-icon.png]
[kwasu.edu.ng/wp-content/uploads/fbrfg/favicon-32x32.png]
[kwasu.edu.ng/wp-content/uploads/fbrfg/favicon-16x16.png]
[kwasu.edu.ng/wp-content/uploads/fbrfg/favicon.ico]
[kwasu.edu.ng/wp-content/plugins/woocommerce/assets/fonts/Inter-VariableFont_slnt,wght.woff2]
[kwasu.edu.ng/wp-content/plugins/woocommerce/assets/fonts/cardo_normal_400.woff2]
[kwasu.edu.ng/wp-content/uploads/2021/04/android-chrome-512x512-1.png]
[kwasu.edu.ng/wp-content/fonts/open-sans/memSYaGs126MiZpBA-UvWbX2vVnXBbObj2OVZyOOSr4dVJWUgsiH0B4taVQUwaEQXjN_mQ.woff]
[kwasu.edu.ng/wp-content/fonts/open-sans/memSYaGs126MiZpBA-UvWbX2vVnXBbObj2OVZyOOSr4dVJWUgsiH0B4kaVQUwaEQXjN_mQ.woff]
[kwasu.edu.ng/wp-content/fonts/open-sans/memSYaGs126MiZpBA-UvWbX2vVnXBbObj2OVZyOOSr4dVJWUgsiH0B4saVQUwaEQXjN_mQ.woff]
[kwasu.edu.ng/wp-content/fonts/open-sans/memSYaGs126MiZpBA-UvWbX2vVnXBbObj2OVZyOOSr4dVJWUgsiH0B4jaVQUwaEQXjN_mQ.woff]
[kwasu.edu.ng/wp-content/fonts/open-sans/memSYaGs126MiZpBA-UvWbX2vVnXBbObj2OVZyOOSr4dVJWUgsiH0B4iaVQUwaEQXjN_mQ.woff]
[kwasu.edu.ng/wp-content/fonts/open-sans/memSYaGs126MiZpBA-UvWbX2vVnXBbObj2OVZyOOSr4dVJWUgsiH0B5caVQUwaEQXjN_mQ.woff]
[kwasu.edu.ng/wp-content/fonts/open-sans/memSYaGs126MiZpBA-UvWbX2vVnXBbObj2OVZyOOSr4dVJWUgsiH0B5OaVQUwaEQXjN_mQ.woff]
[kwasu.edu.ng/wp-content/fonts/open-sans/memSYaGs126MiZpBA-UvWbX2vVnXBbObj2OVZyOOSr4dVJWUgsiH0B4vaVQUwaEQXjN_mQ.woff]
[kwasu.edu.ng/wp-content/fonts/open-sans/memSYaGs126MiZpBA-UvWbX2vVnXBbObj2OVZyOOSr4dVJWUgsiH0B4uaVQUwaEQXjN_mQ.woff]
[kwasu.edu.ng/wp-content/fonts/open-sans/memSYaGs126MiZpBA-UvWbX2vVnXBbObj2OVZyOOSr4dVJWUgsiH0B4gaVQUwaEQXjM.woff]
[kwasu.edu.ng/wp-content/fonts/open-sans/memSYaGs126MiZpBA-UvWbX2vVnXBbObj2OVZyOOSr4dVJWUgsjZ0B4taVQUwaEQXjN_mQ.woff]
[kwasu.edu.ng/wp-content/fonts/open-sans/memSYaGs126MiZpBA-UvWbX2vVnXBbObj2OVZyOOSr4dVJWUgsjZ0B4kaVQUwaEQXjN_mQ.woff]
[kwasu.edu.ng/wp-content/fonts/open-sans/memSYaGs126MiZpBA-UvWbX2vVnXBbObj2OVZyOOSr4dVJWUgsjZ0B4saVQUwaEQXjN_mQ.woff]
[kwasu.edu.ng/wp-content/fonts/open-sans/memSYaGs126MiZpBA-UvWbX2vVnXBbObj2OVZyOOSr4dVJWUgsjZ0B4jaVQUwaEQXjN_mQ.woff]
[kwasu.edu.ng/wp-content/fonts/open-sans/memSYaGs126MiZpBA-UvWbX2vVnXBbObj2OVZyOOSr4dVJWUgsjZ0B4iaVQUwaEQXjN_mQ.woff]
[kwasu.edu.ng/wp-content/fonts/open-sans/memSYaGs126MiZpBA-UvWbX2vVnXBbObj2OVZyOOSr4dVJWUgsjZ0B5caVQUwaEQXjN_mQ.woff]
[kwasu.edu.ng/wp-content/fonts/open-sans/memSYaGs126MiZpBA-UvWbX2vVnXBbObj2OVZyOOSr4dVJWUgsjZ0B5OaVQUwaEQXjN_mQ.woff]
[kwasu.edu.ng/wp-content/fonts/open-sans/memSYaGs126MiZpBA-UvWbX2vVnXBbObj2OVZyOOSr4dVJWUgsjZ0B4vaVQUwaEQXjN_mQ.woff]
[kwasu.edu.ng/wp-content/fonts/open-sans/memSYaGs126MiZpBA-UvWbX2vVnXBbObj2OVZyOOSr4dVJWUgsjZ0B4uaVQUwaEQXjN_mQ.woff]
[kwasu.edu.ng/wp-content/fonts/open-sans/memSYaGs126MiZpBA-UvWbX2vVnXBbObj2OVZyOOSr4dVJWUgsjZ0B4gaVQUwaEQXjM.woff]
[kwasu.edu.ng/wp-content/fonts/open-sans/memSYaGs126MiZpBA-UvWbX2vVnXBbObj2OVZyOOSr4dVJWUgsg-1x4taVQUwaEQXjN_mQ.woff]
[kwasu.edu.ng/wp-content/fonts/open-sans/memSYaGs126MiZpBA-UvWbX2vVnXBbObj2OVZyOOSr4dVJWUgsg-1x4kaVQUwaEQXjN_mQ.woff]
[kwasu.edu.ng/wp-content/fonts/open-sans/memSYaGs126MiZpBA-UvWbX2vVnXBbObj2OVZyOOSr4dVJWUgsg-1x4saVQUwaEQXjN_mQ.woff]
[kwasu.edu.ng/wp-content/fonts/open-sans/memSYaGs126MiZpBA-UvWbX2vVnXBbObj2OVZyOOSr4dVJWUgsg-1x4jaVQUwaEQXjN_mQ.woff]
[kwasu.edu.ng/wp-content/fonts/open-sans/memSYaGs126MiZpBA-UvWbX2vVnXBbObj2OVZyOOSr4dVJWUgsg-1x4iaVQUwaEQXjN_mQ.woff]
[kwasu.edu.ng/wp-content/fonts/open-sans/memSYaGs126MiZpBA-UvWbX2vVnXBbObj2OVZyOOSr4dVJWUgsg-1x5caVQUwaEQXjN_mQ.woff]
[kwasu.edu.ng/wp-content/fonts/open-sans/memSYaGs126MiZpBA-UvWbX2vVnXBbObj2OVZyOOSr4dVJWUgsg-1x5OaVQUwaEQXjN_mQ.woff]
[kwasu.edu.ng/wp-content/fonts/open-sans/memSYaGs126MiZpBA-UvWbX2vVnXBbObj2OVZyOOSr4dVJWUgsg-1x4vaVQUwaEQXjN_mQ.woff]
[kwasu.edu.ng/wp-content/fonts/open-sans/memSYaGs126MiZpBA-UvWbX2vVnXBbObj2OVZyOOSr4dVJWUgsg-1x4uaVQUwaEQXjN_mQ.woff]
[kwasu.edu.ng/wp-content/fonts/open-sans/memSYaGs126MiZpBA-UvWbX2vVnXBbObj2OVZyOOSr4dVJWUgsg-1x4gaVQUwaEQXjM.woff]
[kwasu.edu.ng/wp-content/plugins/youtube-feed-pro/img/close.png]
[kwasu.edu.ng/wp-content/plugins/youtube-feed-pro/img/sby-sprite.png]
[kwasu.edu.ng/wp-content/plugins/woo-smart-compare/assets/images/placeholder.png]
[kwasu.edu.ng/wp-content/themes/unicamp/assets/libs/lightGallery/img/vimeo-play.png]
[kwasu.edu.ng/wp-content/themes/unicamp/assets/libs/lightGallery/img/video-play.png]
[kwasu.edu.ng/wp-content/themes/unicamp/assets/libs/lightGallery/img/youtube-play.png]
[kwasu.edu.ng/wp-content/themes/unicamp/assets/libs/lightGallery/img/loading.gif]
[kwasu.edu.ng/wp-content/plugins/wp-rocket/assets/img/youtube.png]
[kwasu.edu.ng/wp-content/uploads/2024/05/slider-3.jpg]
[kwasu.edu.ng/wp-content/uploads/2024/03/kwasu-big-en-320x124.png]
[kwasu.edu.ng/history/index.html]
[kwasu.edu.ng/about-kwasu/index.html]
[kwasu.edu.ng/mission-vision/index.html]
[kwasu.edu.ng/kwara-state-university-anthem/index.html]
[kwasu.edu.ng/institute-of-education-admissions/index.html]
[kwasu.edu.ng/postgraduate-admissions/index.html]
[kwasu.edu.ng/basic-and-advanced-studies-admissions/index.html]
[kwasu.edu.ng/the-vice-chancellor/index.html]
[kwasu.edu.ng/governing-council/index.html]
[kwasu.edu.ng/the-registrar/index.html]
[kwasu.edu.ng/the-bursar/index.html]
[kwasu.edu.ng/faculty-of-agriculture/index.html]
[kwasu.edu.ng/faculty-of-arts/index.html]
[kwasu.edu.ng/faculty-of-education/index.html]
[kwasu.edu.ng/of-engineering-and-technology/index.html]
[kwasu.edu.ng/faculty-of-information-and-communication-technology/index.html]
[kwasu.edu.ng/faculty-of-pure-and-applied-sciences/index.html]
[kwasu.edu.ng/faculty-of-law/index.html]
[kwasu.edu.ng/grants/index.html]
[kwasu.edu.ng/journals/index.html]
[kwasu.edu.ng/workshops/index.html]
[kwasu.edu.ng/management-and-social-sciences/index.html]
[kwasu.edu.ng/news/index.html]
[kwasu.edu.ng/centres/index.html]
[kwasu.edu.ng/lifestyle/index.html]
[kwasu.edu.ng/student-union/index.html]
[kwasu.edu.ng/student-affairs/index.html]
[kwasu.edu.ng/sports-and-recreation/index.html]
[kwasu.edu.ng/awards/index.html]
[kwasu.edu.ng/convocations/index.html]
[kwasu.edu.ng/ehs-inductions/index.html]
[kwasu.edu.ng/events/index.html]
[kwasu.edu.ng/graduations/index.html]
[kwasu.edu.ng/inaugural-lectures/index.html]
[kwasu.edu.ng/mls-inductions/index.html]
[kwasu.edu.ng/main-campus-malete/index.html]
[kwasu.edu.ng/wp-content/uploads/slider/cache/99c3fa231d34fefc8341f2db5cbe24b8/Kwasu-covert-gas-1.jpg]
[kwasu.edu.ng/kwasu-conference-centre/index.html]
[kwasu.edu.ng/kwasu-contact-office/index.html]
[kwasu.edu.ng/kwasu-mba/index.html]
[kwasu.edu.ng/wp-content/uploads/slider/cache/f66085081687edbabd71807d39aac53d/slider-15-1.jpg]
[kwasu.edu.ng/wp-content/uploads/slider/cache/f562aca9ddc7e8cdf9ad7e5271e3b269/WhatsApp-Image-2024-05-14-at-14.37.27_2757b73d.jpg]
[kwasu.edu.ng/kwasu-engineers-convert-petrol-engine-bus-to-electric-bus.html]
[kwasu.edu.ng/commissioning-of-osi-campus/index.html]
[kwasu.edu.ng/kwasu-among-six-institutions-selected-for-ict-experience-centre/index.html]
[kwasu.edu.ng/wp-content/uploads/2025/01/6.jpg]
[kwasu.edu.ng/kwara-governor-appoints-prof-jimoh-as-kwasu-vc/index.html]
[kwasu.edu.ng/alumni-relations/index.html]
[kwasu.edu.ng/category/career/index.html]
[kwasu.edu.ng/category/development/index.html]
[kwasu.edu.ng/wp-content/uploads/2025/01/20.jpg]
[kwasu.edu.ng/author/kwasu/index.html]
[kwasu.edu.ng/university-flagged-off-the-state-governments-drug-testing-policy/index.html]
[kwasu.edu.ng/wp-content/uploads/2025/01/18.jpg]
[kwasu.edu.ng/wp-content/uploads/2024/12/eng.jpg]
[kwasu.edu.ng/revitalising-the-humanities-rethinking-canon-curriculum-and-context/index.html]
[kwasu.edu.ng/category/lecture/index.html]
[kwasu.edu.ng/category/research/index.html]
[kwasu.edu.ng/wp-content/uploads/2024/12/sanni.jpg]
[kwasu.edu.ng/nigeria-society-of-engineers-nse-inducts-graduate-members-of-kwasu/index.html]
[kwasu.edu.ng/the-optimum-utilisation-of-nigerias-energy-resources-for-the-sustainable-growth-and-development-of-the-nation/index.html]
[kwasu.edu.ng/wp-content/uploads/2024/11/vice-chancellor.jpg]
[kwasu.edu.ng/wp-content/plugins/youtube-feed-pro/img/placeholder.png]
[kwasu.edu.ng/convocation-week-to-graduate-the-12th-set/index.html]
[kwasu.edu.ng/events/revitalizing-the-humanities-rethinking-canon-and-curriculum-and-context/index.html]
[kwasu.edu.ng/events/fourth-quarter-2024-community-health-outreach/index.html]
[kwasu.edu.ng/wp-content/uploads/2024/03/slider-6.jpg]
[kwasu.edu.ng/events/12th-convocation-ceremony-of-kwara-state-university-malete-information-to-graduand/index.html]
[kwasu.edu.ng/wp-content/uploads/2024/03/slider-8.jpg]
[kwasu.edu.ng/wp-content/uploads/2024/03/slider-7.jpg]
[kwasu.edu.ng/wp-content/uploads/2024/05/muhammadu-Buhari-Library-scaled.jpg]
[kwasu.edu.ng/kwasu-update/index.html]
[kwasu.edu.ng/disciplinary-actions/index.html]
[kwasu.edu.ng/wp-content/uploads/2024/05/WhatsApp-Image-2024-05-12-at-17.00.36_1c44f0ff.jpg]
[kwasu.edu.ng/promotions/index.html]
[kwasu.edu.ng/wp-content/uploads/2021/04/kwbgrd.png]
[kwasu.edu.ng/news.html]
[kwasu.edu.ng/courses/index.html]
[kwasu.edu.ng/contact/index.html]
[kwasu.edu.ng/students/index.html]
[kwasu.edu.ng/faculty-staffs/index.html]
[kwasu.edu.ng/visit/index.html]
[kwasu.edu.ng/university-relations/index.html]
[kwasu.edu.ng/wp-content/uploads/2024/03/kwasu-big-en-120x46.png]
[kwasu.edu.ng/wp-includes/js/dist/hooks.min.js]
[kwasu.edu.ng/wp-includes/js/dist/i18n.min.js]
[kwasu.edu.ng/wp-content/plugins/wp-rocket/assets/js/lazyload/17.8.3/lazyload.min.js]
[kwasu.edu.ng/wp-content/cache/min/1/2e3bf2c2330bc623f9e3ebb91d5904dd.js]
[kwasu.edu.ng/index.html]
[kwasu.edu.ng/wp-content/plugins/easy-sticky-sidebar/assets/webfonts/fa-brands-400.woff2]
[kwasu.edu.ng/wp-content/plugins/easy-sticky-sidebar/assets/webfonts/fa-solid-900.woff2]
[kwasu.edu.ng/wp-content/plugins/easy-sticky-sidebar/assets/webfonts/fa-v4compatibility.ttf]
[kwasu.edu.ng/wp-content/cache/min/1/wp-content/plugins/easy-sticky-sidebar/assets/css/fontawesomefb9a.css]
[kwasu.edu.ng/wp-content/cache/min/1/wp-content/plugins/easy-sticky-sidebar/assets/css/sticky-sidebarfb9a.css]
[kwasu.edu.ng/wp-content/uploads/sticky-sidebar-generated.css]
[kwasu.edu.ng/wp-content/cache/background-css/kwasu.edu.ng/wp-content/plugins/youtube-feed-pro/css/sb-youtube.min7776.css]
[kwasu.edu.ng/wp-includes/css/dist/block-library/style.min.css]
[kwasu.edu.ng/wp-content/cache/min/1/wp-content/plugins/insight-swatches/assets/css/stylefb9a.css]
[kwasu.edu.ng/wp-content/plugins/tutor/assets/fonts/tutor-v2.woff]
[kwasu.edu.ng/wp-content/cache/min/1/wp-content/plugins/tutor/assets/css/tutor-icon.minfb9a.css]
[kwasu.edu.ng/wp-content/cache/min/1/wp-content/plugins/pdf-poster/dist/publicfb9a.css]
[kwasu.edu.ng/wp-content/plugins/woo-smart-compare/assets/libs/perfect-scrollbar/css/perfect-scrollbar.min.css]
[kwasu.edu.ng/wp-content/cache/min/1/wp-content/plugins/woo-smart-compare/assets/libs/perfect-scrollbar/css/custom-themefb9a.css]
[kwasu.edu.ng/wp-content/cache/background-css/kwasu.edu.ng/wp-content/cache/min/1/wp-content/plugins/woo-smart-compare/assets/css/frontend402c.css]
[kwasu.edu.ng/wp-content/cache/min/1/wp-content/plugins/woo-smart-wishlist/assets/css/iconsfb9a.css]
[kwasu.edu.ng/wp-content/cache/background-css/kwasu.edu.ng/wp-content/cache/min/1/wp-content/plugins/woo-smart-wishlist/assets/css/frontend402c.css]
[kwasu.edu.ng/wp-content/cache/min/1/wp-content/themes/unicamp/assets/fonts/awesome/css/fontawesome-all.minfb9a.css]
[kwasu.edu.ng/wp-content/cache/min/1/wp-content/themes/unicamp/assets/libs/swiper/css/swiper.minfb9a.css]
[kwasu.edu.ng/wp-content/cache/background-css/kwasu.edu.ng/wp-content/cache/min/1/wp-content/themes/unicamp/style.min402c.css]
[kwasu.edu.ng/wp-content/themes/unicamp/assets/libs/growl/css/jquery.growl.min.css]
[kwasu.edu.ng/wp-content/cache/min/1/wp-content/themes/unicamp/woocommerce.minfb9a.css]
[kwasu.edu.ng/wp-content/cache/min/1/wp-content/plugins/elementor/assets/lib/eicons/css/elementor-icons.minfb9a.css]
[kwasu.edu.ng/wp-content/plugins/elementor/assets/css/frontend-legacy.min.css]
[kwasu.edu.ng/wp-content/plugins/elementor/assets/css/frontend-lite.min.css]
[kwasu.edu.ng/wp-content/uploads/elementor/css/post-3424.css]
[kwasu.edu.ng/wp-content/plugins/elementor-pro/assets/css/frontend-lite.min.css]
[kwasu.edu.ng/wp-content/uploads/elementor/css/global.css]
[kwasu.edu.ng/wp-content/uploads/elementor/css/post-2136.css]
[kwasu.edu.ng/wp-content/uploads/elementor/css/post-2979.css]
[kwasu.edu.ng/wp-content/cache/min/1/wp-content/themes/unicamp/tutor-lms.minfb9a.css]
[kwasu.edu.ng/wp-content/cache/min/1/wp-content/themes/unicamp/events-managerfb9a.css]
[kwasu.edu.ng/wp-content/cache/min/1/wp-content/plugins/bdthemes-element-pack-lite/assets/css/bdt-uikitfb9a.css]
[kwasu.edu.ng/wp-content/cache/background-css/kwasu.edu.ng/wp-content/cache/min/1/wp-content/plugins/bdthemes-element-pack-lite/assets/css/ep-helper402c.css]
[kwasu.edu.ng/wp-content/plugins/smart-slider-3/Public/SmartSlider3/Application/Frontend/Assets/dist/smartslider.minbaf1.css]
[kwasu.edu.ng/wp-content/uploads/fbrfg/site.html]
[kwasu.edu.ng/wp-content/uploads/fbrfg/safari-pinned-tab.svg]
[kwasu.edu.ng/wp-content/plugins/woo-smart-compare/assets/images/close.svg]
[kwasu.edu.ng/wp-content/plugins/woo-smart-compare/assets/images/curve.svg]
[kwasu.edu.ng/wp-content/plugins/woo-smart-compare/assets/images/remove-dark.svg]
[kwasu.edu.ng/wp-content/plugins/woo-smart-compare/assets/images/checkbox-dark.svg]
[kwasu.edu.ng/wp-content/plugins/woo-smart-compare/assets/images/filter.svg]
[kwasu.edu.ng/wp-content/plugins/woo-smart-compare/assets/images/add.svg]
[kwasu.edu.ng/wp-content/plugins/woo-smart-compare/assets/images/printer.svg]
[kwasu.edu.ng/wp-content/plugins/woo-smart-compare/assets/images/share.svg]
[kwasu.edu.ng/wp-content/plugins/woo-smart-compare/assets/images/trash.svg]
[kwasu.edu.ng/wp-content/plugins/woo-smart-compare/assets/images/remove.svg]
[kwasu.edu.ng/wp-content/plugins/woo-smart-compare/assets/images/close-dark.svg]
[kwasu.edu.ng/wp-content/plugins/woo-smart-wishlist/assets/images/curve.svg]
[kwasu.edu.ng/wp-content/themes/unicamp/assets/svg/select-arrow.svg]
[kwasu.edu.ng/wp-content/plugins/bdthemes-element-pack-lite/assets/images/loading.svg]
[kwasu.edu.ng/cart-2/index.html]
[kwasu.edu.ng/about-kwasu/index.html]
[kwasu.edu.ng/history/index.html]
[kwasu.edu.ng/mission-vision/index.html]
[kwasu.edu.ng/kwara-state-university-anthem/index.html]
[kwasu.edu.ng/institute-of-education-admissions/index.html]
[kwasu.edu.ng/postgraduate-admissions/index.html]
[kwasu.edu.ng/institute-of-education/index.html]
[kwasu.edu.ng/basic-and-advanced-studies-admissions/index.html]
[kwasu.edu.ng/the-vice-chancellor/index.html]
[kwasu.edu.ng/governing-council/index.html]
[kwasu.edu.ng/the-registrar/index.html]
[kwasu.edu.ng/the-bursar/index.html]
[kwasu.edu.ng/faculty-of-agriculture/index.html]
[kwasu.edu.ng/faculty-of-arts/index.html]
[kwasu.edu.ng/faculty-of-education/index.html]
[kwasu.edu.ng/of-engineering-and-technology/index.html]
[kwasu.edu.ng/faculty-of-information-and-communication-technology/index.html]
[kwasu.edu.ng/faculty-of-law/index.html]
[kwasu.edu.ng/faculty-of-pure-and-applied-sciences/index.html]
[kwasu.edu.ng/management-and-social-sciences/index.html]
[kwasu.edu.ng/grants/index.html]
[kwasu.edu.ng/journals/index.html]
[kwasu.edu.ng/workshops/index.html]
[kwasu.edu.ng/news/index.html]
[kwasu.edu.ng/centres/index.html]
[kwasu.edu.ng/lifestyle/index.html]
[kwasu.edu.ng/student-union/index.html]
[kwasu.edu.ng/student-affairs/index.html]
[kwasu.edu.ng/sports-and-recreation/index.html]
[kwasu.edu.ng/awards/index.html]
[kwasu.edu.ng/convocations/index.html]
[kwasu.edu.ng/ehs-inductions/index.html]
[kwasu.edu.ng/events/index.html]
[kwasu.edu.ng/graduations/index.html]
[kwasu.edu.ng/inaugural-lectures/index.html]
[kwasu.edu.ng/mls-inductions/index.html]
[kwasu.edu.ng/main-campus-malete/index.html]
[kwasu.edu.ng/kwasu-mba/index.html]
[kwasu.edu.ng/kwasu-conference-centre/index.html]
[kwasu.edu.ng/kwasu-contact-office/index.html]
[kwasu.edu.ng/commissioning-of-osi-campus/index.html]
[kwasu.edu.ng/kwasu-among-six-institutions-selected-for-ict-experience-centre/index.html]
[kwasu.edu.ng/kwara-governor-appoints-prof-jimoh-as-kwasu-vc/index.html]
[kwasu.edu.ng/kwasu-engineers-convert-petrol-engine-bus-to-electric-bus.html]
[kwasu.edu.ng/wp-content/plugins/elementor/assets/css/widget-icon-box.min.css]
[kwasu.edu.ng/alumni-relations/index.html]
[kwasu.edu.ng/category/career/index.html]
[kwasu.edu.ng/category/development/index.html]
[kwasu.edu.ng/author/kwasu/index.html]
[kwasu.edu.ng/university-flagged-off-the-state-governments-drug-testing-policy/index.html]
[kwasu.edu.ng/revitalising-the-humanities-rethinking-canon-curriculum-and-context/index.html]
[kwasu.edu.ng/category/lecture/index.html]
[kwasu.edu.ng/category/research/index.html]
[kwasu.edu.ng/nigeria-society-of-engineers-nse-inducts-graduate-members-of-kwasu/index.html]
[kwasu.edu.ng/the-optimum-utilisation-of-nigerias-energy-resources-for-the-sustainable-growth-and-development-of-the-nation/index.html]
[kwasu.edu.ng/convocation-week-to-graduate-the-12th-set/index.html]
[kwasu.edu.ng/events/revitalizing-the-humanities-rethinking-canon-and-curriculum-and-context/index.html]
[kwasu.edu.ng/events/fourth-quarter-2024-community-health-outreach/index.html]
[kwasu.edu.ng/events/12th-convocation-ceremony-of-kwara-state-university-malete-information-to-graduand/index.html]
[kwasu.edu.ng/disciplinary-actions/index.html]
[kwasu.edu.ng/kwasu-update/index.html]
[kwasu.edu.ng/promotions/index.html]
[kwasu.edu.ng/courses/index.html]
[kwasu.edu.ng/news.html]
[kwasu.edu.ng/contact/index.html]
[kwasu.edu.ng/students/index.html]
[kwasu.edu.ng/faculty-staffs/index.html]
[kwasu.edu.ng/visit/index.html]
[kwasu.edu.ng/university-relations/index.html]
[kwasu.edu.ng/wp-content/cache/min/1/wp-content/plugins/woocommerce/assets/client/blocks/wc-blocksfb9a.css]
[kwasu.edu.ng/wp-content/cache/background-css/kwasu.edu.ng/wp-content/cache/min/1/wp-content/themes/unicamp/assets/libs/lightGallery/css/lightgallery.min402c.css]
[kwasu.edu.ng/wp-content/cache/min/1/wp-content/plugins/bdthemes-element-pack-lite/assets/css/ep-cookie-consentfb9a.css]
[kwasu.edu.ng/wp-content/plugins/elementor/assets/lib/animations/animations.min.css]
[kwasu.edu.ng/wp-content/themes/unicamp/assets/js/content-protected.min.html]
[kwasu.edu.ng/wp-content/plugins/woo-smart-wishlist/assets/fonts/wooswad2e.html]
[kwasu.edu.ng/the-university-librarian/index.html]
[kwasu.edu.ng/wp-content/uploads/slider/cache/1a83c82c89ff158e3fb4be3d4c8b288b/1.1.jpg]
[kwasu.edu.ng/wp-content/cache/min/1/2e3bf2c2330bc623f9e3ebb91d5904dd.js]
[kwasu.edu.ng/wp-content/plugins/easy-sticky-sidebar/assets/webfonts/fa-brands-400.woff2]
[kwasu.edu.ng/wp-content/plugins/easy-sticky-sidebar/assets/webfonts/fa-brands-400.ttf]
[kwasu.edu.ng/wp-content/plugins/easy-sticky-sidebar/assets/webfonts/fa-regular-400.woff2]
[kwasu.edu.ng/wp-content/plugins/easy-sticky-sidebar/assets/webfonts/fa-regular-400.ttf]
[kwasu.edu.ng/wp-content/plugins/easy-sticky-sidebar/assets/webfonts/fa-solid-900.woff2]
[kwasu.edu.ng/wp-content/plugins/easy-sticky-sidebar/assets/webfonts/fa-solid-900.ttf]
[kwasu.edu.ng/wp-content/plugins/easy-sticky-sidebar/assets/webfonts/fa-v4compatibility.woff2]
[kwasu.edu.ng/wp-content/plugins/tutor/assets/fonts/tutor.woff]
[kwasu.edu.ng/wp-content/plugins/woo-smart-wishlist/assets/fonts/wooswad2e.eot]
[kwasu.edu.ng/wp-content/plugins/woo-smart-wishlist/assets/fonts/wooswad2e.ttf]
[kwasu.edu.ng/wp-content/plugins/woo-smart-wishlist/assets/fonts/wooswad2e.woff]
